<?xml version="1.0" encoding="utf-8"?><testsuite errors="0" failures="0" name="pytest" skips="0" tests="2" time="0.056"><testcase classname="test_eigen.TestA" file="test_eigen.py" line="4" name="test_say_hi" time="0.0021619796752929688"></testcase><testcase classname="webserver.test_webserver.TestA" file="webserver/test_webserver.py" line="8" name="test_say_hi" time="0.0013260841369628906"></testcase></testsuite>